// Jest Snapshot v1, https://goo.gl/fbAQLP

exports[`SendButton should match snapshot 1`] = `
<svg
  aria-hidden="true"
  className="MuiSvgIcon-root-1 sc-ksYbfQ cpDAlq"
  focusable="false"
  role="presentation"
  viewBox="0 0 24 24"
>
  <path
    d="M2.01 21L23 12 2.01 3 2 10l15 2-15 2z"
  />
</svg>
`;
